2026-04-13 15:11:53,624 [INFO] flats: Application sent:
4-Zimmer-Wohnung in Friedrichshain
zip code: 10249
flat size: 94.7
rooms: 4.0
property attributes: bad mit wanne, aufzug, balkon
hash: e780262dcc4ca3482f3530f5603048654ab2bea3f5d9d5b8d9082c4f9a6602c8

2026-04-14 16:37:59,481 [INFO] flats: Application sent:
2-Zimmer-Wohnung in Friedrichshain
zip code: 10247
flat size: 50.75
rooms: 2.0
property attributes: bad mit dusche, bad mit fenster, abstellraum
hash: eefa6e8d675d3a620d40a3ad5bb9227b0d0831095afdab080931440ec05ddfa4

2026-04-15 19:51:48,809 [INFO] flats: Application sent:
3-Zimmer-Wohnung in Friedrichshain
zip code: 10245
flat size: 57.84
rooms: 3.0
property attributes: bad mit wanne, bad mit fenster, balkon, abstellraum
hash: f74a306437e7ce77080e5251548fe0d35e4978562f18e6defdad686b54785927

2026-04-16 15:48:52,135 [INFO] flats: Application sent:
2-Zimmer-Wohnung in Friedrichshain
zip code: 10247
flat size: 51.86
rooms: 2.0
property attributes: bad mit wanne, balkon
hash: 34af78532b341207de2ea4e22d06c4be541237b2a0f0c7a443996e78d39103b1

2026-04-17 12:50:56,418 [INFO] flats: Application sent:
3-Zimmer-Wohnung in Mitte
zip code: 10115
flat size: 66.87
rooms: 3.0
property attributes: bad mit wanne, abstellraum
hash: 1fc0e2dccafc98dabfb3a156a338cc7c5422ee571ecebd606fc0fa7a44edd306

2026-04-17 12:51:05,049 [INFO] flats: Application sent:
2-Zimmer Maisonette-Wohnung in Mitte
zip code: 10117
flat size: 52.63
rooms: 2.0
property attributes: bad mit dusche, abstellraum
hash: 67d63a630000e0f984d216641ef19ba4d8b0827b97c69e6e51e4b9396088006e

2026-04-21 09:50:26,361 [INFO] flats: Application sent:
2-Zimmer-Wohnung in Friedrichshain
zip code: 10249
flat size: 58.02
rooms: 2.0
property attributes: bad mit wanne, bad mit fenster, rolladen, abstellraum
hash: 6f133aa0ab2c98a64dea0d1bc522be95b0c011d575fda2fc1cc004a22ece1fb6

2026-04-22 13:50:36,471 [INFO] flats: Application sent:
3-Zimmer-Wohnung in Friedrichshain an der Weberwiese
zip code: 10243
flat size: 77.62
rooms: 3.0
property attributes: bad mit wanne, bad mit fenster
hash: e5cd7cacbee03365bfe14e15b8e75742382439074b43e0e3dbc0a45068a9fd76

2026-04-22 15:50:06,801 [INFO] flats: Application sent:
Lichtdurchflutete 3-Zimmer-Wohnung in Friedrichshain
zip code: 10249
flat size: 68.73
rooms: 3.0
property attributes: bad mit dusche, bad mit fenster, balkon
hash: 9728c08dfcce05d90e7c79fa7f0ab62e3ca73fe3a361e82277ed2c07828b120a

2026-04-23 06:27:58,886 [INFO] flats: Application sent:
2-Zimmer-Wohnung in Friedrichshain an der Weberwiese
zip code: 10243
flat size: 54.02
rooms: 2.0
property attributes: bad mit wanne, bad mit fenster
hash: d4245b62406e1528ec98544359dafbe2d05cd8a9c31e2186820c0eed2b43979f

2026-04-28 06:50:18,689 [INFO] flats: Application sent:
6-Zimmer-Wohnung in Mitte
zip code: 10178
flat size: 125.84
rooms: 6.0
property attributes: bad mit wanne, aufzug, barrierearm
hash: 5dbdbc2eed97fabe412a161406b48f1c1c57c8a4d7138f7985dcdddb8ce8b828

2026-05-06 10:47:59,033 [INFO] flats: Application sent:
2-Zimmer-Wohnung in Mitte
zip code: 10119
flat size: 83.8
rooms: 2.0
property attributes: bad mit wanne
hash: 5ab56b82c7af4dd4f0898274b5d12acc02e7cab82e08c3d3e54c9a2118cf5a87

2026-05-11 11:20:09,594 [INFO] flats: Application sent:
2-Zimmer-Wohnung in Friedrichshain
zip code: 10247
flat size: 48.19
rooms: 2.0
property attributes: bad mit dusche, aufzug, rolladen, barrierearm, balkon
hash: 9643827cc68c9eebe37fafc79fdca3ee0abfd4d7bcda6485c307cb3930d85296

2026-05-12 05:49:53,042 [INFO] flats: Application sent:
Perfekt für Paare oder kleine Familien: Lichtdurchflutete 3-Zimmer-Wohnung in Mitte
zip code: 10179
flat size: 80.59
rooms: 3.0
property attributes: bad mit dusche, bad mit fenster, aufzug, neubau, offene küche
hash: b8a74bd1e775e91448b4a46822e8577df4048fcbabafeb4e63f37a66fa03e2c4

2026-05-13 09:47:57,033 [INFO] flats: Application sent:
Modern möbliertes 2‑Zimmer‑Apartment in zentraler Lage
zip code: 10179
flat size: 43.46
rooms: 2.0
property attributes: bad mit dusche, aufzug, neubau, einbauküche
hash: 618c86a23e72969a5278e512dc7b524a8962307680ccaf29bcfd76c07cf27fb7

2026-06-05 10:19:52,730 [INFO] flats: Application sent:
3-Zimmer-Wohnung in Friedrichshain
zip code: 10243
flat size: 74.49
rooms: 3.0
property attributes: bad mit wanne, aufzug, balkon, abstellraum
hash: 3e67ed1f39650c1819d6192ead1e948a370314d0720cb31753d0abc359987ac0

2026-06-05 14:50:24,086 [INFO] flats: Application sent:
3-Zimmer-Wohnung in Charlottenburg
zip code: 10587
flat size: 66.26
rooms: 3.0
property attributes: bad mit wanne, aufzug, balkon
hash: 0b0231e8b22291c0aeb34e9e85a93b6458d413b6ba87089590be3eb1f3d27b93

2026-06-09 09:50:21,203 [INFO] flats: Application sent:
2-Zimmer-Wohnung in Mitte mit Balkon und Blick ins Grüne
zip code: 10178
flat size: 62.3
rooms: 2.0
property attributes: bad mit dusche, aufzug, barrierearm
hash: fee7a9012705d1c4ae86a5517d6de4be8cb0c1017e06b2181fd836c6faff584f

2026-06-09 11:49:56,429 [INFO] flats: Application sent:
Mitte Mitte Mitte - mit WBS 140
zip code: 10115
flat size: 74.37
rooms: 3.0
property attributes: bad mit wanne
hash: 54d54b58f57809d4fa41c82cb0a62af9d70b8a340061641fa01f7eeb74d60935

2026-06-09 11:50:04,962 [INFO] flats: Application sent:
2-Zimmer-Wohnung in Friedrichshain
zip code: 10245
flat size: 72.42
rooms: 2.0
property attributes: bad mit dusche, bad mit fenster
hash: 67c9317b0407229efdf255f9adbc13d6f5d8cfac12067b512a3f9da5a5532af7

2026-06-09 11:50:20,374 [INFO] flats: Application sent:
Großzügige 1-Zimmerwohnung in Friedrichshain
zip code: 10243
flat size: 43.01
rooms: 1.0
property attributes: bad mit dusche, bad mit fenster, aufzug, offene küche, rolladen
hash: e96abadeac42e19fff431cc2685ef85ffaa8d83083d57a7174ae993cccb629e4

2026-06-09 12:50:16,147 [INFO] flats: Application sent:
3-Zimmer-Wohnung mit WBS 160-220
zip code: 10179
flat size: 57.31
rooms: 3.0
property attributes: bad mit wanne, balkon
hash: 77b4dba63bedb2177a955cd1ff303cfb67aafd4252fb96047e26110791f89e3e

2026-06-10 14:48:03,092 [INFO] flats: Application sent:
3-Zimmer-Wohnung in Friedrichshain
zip code: 10247
flat size: 69.51
rooms: 3.0
property attributes: bad mit wanne, balkon
hash: 3d7b51191cdb5e1b8af80bd8a520db3773d0d5f3492c0d70e15cb28aae6e5c18

2026-06-10 14:48:11,722 [INFO] flats: Application sent:
3-Zimmer-Wohnung in Friedrichshain
zip code: 10245
flat size: 67.88
rooms: 3.0
property attributes: bad mit wanne, bad mit fenster, rolladen
hash: 74eabeebd00986ad400a9020aa3338e7b7d4bc823c6cb1377fd61917727888b6

2026-06-12 11:50:01,047 [INFO] flats: Application sent:
2-Zimmer-Wohnung in Mitte
zip code: 10178
flat size: 48.1
rooms: 2.0
property attributes: bad mit dusche, aufzug, barrierearm
hash: 104a695073c07c3245df6223dd472637fa23c1b5ec6950ccf0131d5848e05864

2026-06-12 14:50:04,670 [INFO] flats: Application sent:
2-Zimmer-Wohnung in Mitte
zip code: 10178
flat size: 62.3
rooms: 2.0
property attributes: bad mit dusche, aufzug, barrierearm, balkon
hash: 8aa98f80c5a1acd7dc8e6cc2325db7a4e49f81978ba6339c365d7c6a631a80b0

